[14032:15264:0906/131217.785:ERROR:components\viz\host\persistent_cache_sandboxed_file_factory.cc:153] Failed to open persistent cache files in directory "C:\Users\NIHARI~1\AppData\Local\Temp\HeadlessChrome140322671691390\GPUPersistentCache\DawnGraphiteCache\LM4HLUYPEPEQCVCS7WUD63O7S5RDUCDG", error: 0: There is not enough space on the disk. (0x70)
[14032:25908:0906/131217.807:ERROR:components\segmentation_platform\internal\database\ukm_database_backend.cc:142] Failed to open UKM database: 0 database or disk is full
[14032:34084:0906/131217.848:ERROR:net\disk_cache\simple\simple_backend_impl.cc:81] Failed to create directory: C:\Users\NIHARI~1\AppData\Local\Temp\HeadlessChrome140322671691390\Default\Code Cache\js
[14032:25264:0906/131217.848:ERROR:net\disk_cache\simple\simple_backend_impl.cc:81] Failed to create directory: C:\Users\NIHARI~1\AppData\Local\Temp\HeadlessChrome140322671691390\Default\Code Cache\wasm
[14032:38140:0906/131217.851:ERROR:components\password_manager\core\browser\password_store\login_database.cc:1094] Unable to open the password store database.
[14032:38140:0906/131217.851:ERROR:components\password_manager\core\browser\password_store\login_database_async_helper.cc:77] Could not create/open login database.
[14032:25972:0906/131217.854:ERROR:components\password_manager\core\browser\password_store\login_database.cc:1094] Unable to open the password store database.
[14032:25972:0906/131217.854:ERROR:components\password_manager\core\browser\password_store\login_database_async_helper.cc:77] Could not create/open login database.
[14032:34084:0906/131217.856:ERROR:net\disk_cache\simple\simple_backend_impl.cc:81] Failed to create directory: C:\Users\NIHARI~1\AppData\Local\Temp\HeadlessChrome140322671691390\Default\Code Cache\js
[14032:34084:0906/131217.856:ERROR:net\disk_cache\simple\simple_backend_impl.cc:749] Simple Cache Backend: wrong file structure on disk: 1 path: C:\Users\NIHARI~1\AppData\Local\Temp\HeadlessChrome140322671691390\Default\Code Cache\js
[14032:25264:0906/131217.857:ERROR:net\disk_cache\simple\simple_backend_impl.cc:81] Failed to create directory: C:\Users\NIHARI~1\AppData\Local\Temp\HeadlessChrome140322671691390\Default\Code Cache\wasm
[14032:25264:0906/131217.857:ERROR:net\disk_cache\simple\simple_backend_impl.cc:749] Simple Cache Backend: wrong file structure on disk: 1 path: C:\Users\NIHARI~1\AppData\Local\Temp\HeadlessChrome140322671691390\Default\Code Cache\wasm
[14032:17864:0906/131217.857:ERROR:net\disk_cache\cache_util_win.cc:25] Unable to move the cache: The system cannot find the path specified. (0x3)
[14032:5440:0906/131217.857:ERROR:net\disk_cache\cache_util_win.cc:25] Unable to move the cache: The system cannot find the path specified. (0x3)
[14032:30816:0906/131217.857:ERROR:net\disk_cache\disk_cache.cc:290] Unable to create cache
[14032:30816:0906/131217.857:ERROR:net\disk_cache\disk_cache.cc:290] Unable to create cache
[14032:32596:0906/131217.858:ERROR:content\browser\network_sandbox.cc:495] Failed to create network context data directory C:\Users\NIHARI~1\AppData\Local\Temp\HeadlessChrome140322671691390\Default\Network: There is not enough space on the disk. (0x70)
[14032:29144:0906/131217.894:ERROR:components\viz\host\persistent_cache_sandboxed_file_factory.cc:153] Failed to open persistent cache files in directory "C:\Users\NIHARI~1\AppData\Local\Temp\HeadlessChrome140322671691390\GPUPersistentCache\DawnGraphiteCache\LM4HLUYPEPEQCVCS7WUD63O7S5RDUCDG", error: 0: There is not enough space on the disk. (0x70)
[14032:15264:0906/131218.003:ERROR:components\viz\host\persistent_cache_sandboxed_file_factory.cc:153] Failed to open persistent cache files in directory "C:\Users\NIHARI~1\AppData\Local\Temp\HeadlessChrome140322671691390\GPUPersistentCache\DawnGraphiteCache\LM4HLUYPEPEQCVCS7WUD63O7S5RDUCDG", error: 0: There is not enough space on the disk. (0x70)
[14032:14812:0906/131218.036:ERROR:content\browser\network_sandbox_grant_result_helper.cc:106] Encountered error while migrating network context data or granting sandbox access for C:\Users\NIHARI~1\AppData\Local\Temp\HeadlessChrome140322671691390\Default\Network. Result: 2: The operation completed successfully. (0x0)
[14032:29144:0906/131218.036:ERROR:content\browser\network_sandbox.cc:495] Failed to create network context data directory C:\Users\NIHARI~1\AppData\Local\Temp\HeadlessChrome140322671691390\Default\Safe Browsing Network: There is not enough space on the disk. (0x70)
[14032:31668:0906/131218.056:ERROR:storage\browser\quota\quota_database.cc:988] Could not open the quota database, resetting.
[14032:31668:0906/131218.057:ERROR:storage\browser\quota\quota_database.cc:988] Could not open the quota database, resetting.
[14032:31668:0906/131218.058:ERROR:storage\browser\quota\quota_database.cc:993] Failed to reset the quota database.
[14032:31668:0906/131218.058:ERROR:storage\browser\quota\quota_database.cc:993] Failed to reset the quota database.
[14032:14812:0906/131218.076:ERROR:content\browser\network_sandbox_grant_result_helper.cc:106] Encountered error while migrating network context data or granting sandbox access for C:\Users\NIHARI~1\AppData\Local\Temp\HeadlessChrome140322671691390\Default\Safe Browsing Network. Result: 2: The operation completed successfully. (0x0)
[14032:31668:0906/131218.081:ERROR:components\history\core\browser\top_sites_backend.cc:77] Failed to initialize database.
[14032:14812:0906/131218.100:ERROR:net\disk_cache\disk_cache.cc:290] Unable to create cache
[14032:14812:0906/131218.100:ERROR:gpu\ipc\host\gpu_disk_cache.cc:737] Gpu Cache Creation failed: -2
[14032:15264:0906/131218.100:ERROR:net\disk_cache\cache_util_win.cc:25] Unable to move the cache: The system cannot find the file specified. (0x2)
[14032:15264:0906/131218.102:ERROR:net\disk_cache\cache_util_win.cc:25] Unable to move the cache: The system cannot find the file specified. (0x2)
[14032:15264:0906/131218.107:ERROR:net\disk_cache\cache_util_win.cc:25] Unable to move the cache: The system cannot find the file specified. (0x2)
[14032:25908:0906/131218.112:ERROR:components\viz\host\persistent_cache_sandboxed_file_factory.cc:153] Failed to open persistent cache files in directory "C:\Users\NIHARI~1\AppData\Local\Temp\HeadlessChrome140322671691390\GPUPersistentCache\DawnGraphiteCache\LM4HLUYPEPEQCVCS7WUD63O7S5RDUCDG", error: 0: There is not enough space on the disk. (0x70)
[14032:29144:0906/131218.114:ERROR:net\disk_cache\cache_util_win.cc:25] Unable to move the cache: The system cannot find the file specified. (0x2)
[14032:14812:0906/131218.114:ERROR:net\disk_cache\disk_cache.cc:290] Unable to create cache
[14032:14812:0906/131218.114:ERROR:gpu\ipc\host\gpu_disk_cache.cc:737] Gpu Cache Creation failed: -2
[14032:14812:0906/131218.115:ERROR:net\disk_cache\disk_cache.cc:290] Unable to create cache
[14032:14812:0906/131218.115:ERROR:gpu\ipc\host\gpu_disk_cache.cc:737] Gpu Cache Creation failed: -2
[14032:14812:0906/131218.131:ERROR:net\disk_cache\disk_cache.cc:290] Unable to create cache
[14032:14812:0906/131218.131:ERROR:gpu\ipc\host\gpu_disk_cache.cc:737] Gpu Cache Creation failed: -2
[14032:14812:0906/131218.138:ERROR:net\disk_cache\disk_cache.cc:290] Unable to create cache
[14032:14812:0906/131218.138:ERROR:gpu\ipc\host\gpu_disk_cache.cc:737] Gpu Cache Creation failed: -2
[14032:15264:0906/131218.218:ERROR:components\viz\host\persistent_cache_sandboxed_file_factory.cc:153] Failed to open persistent cache files in directory "C:\Users\NIHARI~1\AppData\Local\Temp\HeadlessChrome140322671691390\GPUPersistentCache\DawnGraphiteCache\LM4HLUYPEPEQCVCS7WUD63O7S5RDUCDG", error: 0: There is not enough space on the disk. (0x70)
[14032:29144:0906/131218.326:ERROR:components\viz\host\persistent_cache_sandboxed_file_factory.cc:153] Failed to open persistent cache files in directory "C:\Users\NIHARI~1\AppData\Local\Temp\HeadlessChrome140322671691390\GPUPersistentCache\DawnGraphiteCache\LM4HLUYPEPEQCVCS7WUD63O7S5RDUCDG", error: 0: There is not enough space on the disk. (0x70)
[14032:15264:0906/131218.435:ERROR:components\viz\host\persistent_cache_sandboxed_file_factory.cc:153] Failed to open persistent cache files in directory "C:\Users\NIHARI~1\AppData\Local\Temp\HeadlessChrome140322671691390\GPUPersistentCache\DawnGraphiteCache\LM4HLUYPEPEQCVCS7WUD63O7S5RDUCDG", error: 0: There is not enough space on the disk. (0x70)
[14032:15264:0906/131218.542:ERROR:components\viz\host\persistent_cache_sandboxed_file_factory.cc:153] Failed to open persistent cache files in directory "C:\Users\NIHARI~1\AppData\Local\Temp\HeadlessChrome140322671691390\GPUPersistentCache\DawnGraphiteCache\LM4HLUYPEPEQCVCS7WUD63O7S5RDUCDG", error: 0: There is not enough space on the disk. (0x70)
[14032:15264:0906/131218.650:ERROR:components\viz\host\persistent_cache_sandboxed_file_factory.cc:153] Failed to open persistent cache files in directory "C:\Users\NIHARI~1\AppData\Local\Temp\HeadlessChrome140322671691390\GPUPersistentCache\DawnGraphiteCache\LM4HLUYPEPEQCVCS7WUD63O7S5RDUCDG", error: 0: There is not enough space on the disk. (0x70)
[14032:15264:0906/131218.758:ERROR:components\viz\host\persistent_cache_sandboxed_file_factory.cc:153] Failed to open persistent cache files in directory "C:\Users\NIHARI~1\AppData\Local\Temp\HeadlessChrome140322671691390\GPUPersistentCache\DawnGraphiteCache\LM4HLUYPEPEQCVCS7WUD63O7S5RDUCDG", error: 0: There is not enough space on the disk. (0x70)
[14032:25908:0906/131218.868:ERROR:components\viz\host\persistent_cache_sandboxed_file_factory.cc:153] Failed to open persistent cache files in directory "C:\Users\NIHARI~1\AppData\Local\Temp\HeadlessChrome140322671691390\GPUPersistentCache\DawnGraphiteCache\LM4HLUYPEPEQCVCS7WUD63O7S5RDUCDG", error: 0: There is not enough space on the disk. (0x70)
[14032:25908:0906/131218.975:ERROR:components\viz\host\persistent_cache_sandboxed_file_factory.cc:153] Failed to open persistent cache files in directory "C:\Users\NIHARI~1\AppData\Local\Temp\HeadlessChrome140322671691390\GPUPersistentCache\DawnGraphiteCache\LM4HLUYPEPEQCVCS7WUD63O7S5RDUCDG", error: 0: There is not enough space on the disk. (0x70)
[14032:15264:0906/131219.083:ERROR:components\viz\host\persistent_cache_sandboxed_file_factory.cc:153] Failed to open persistent cache files in directory "C:\Users\NIHARI~1\AppData\Local\Temp\HeadlessChrome140322671691390\GPUPersistentCache\DawnGraphiteCache\LM4HLUYPEPEQCVCS7WUD63O7S5RDUCDG", error: 0: There is not enough space on the disk. (0x70)
[14032:25908:0906/131219.190:ERROR:components\viz\host\persistent_cache_sandboxed_file_factory.cc:153] Failed to open persistent cache files in directory "C:\Users\NIHARI~1\AppData\Local\Temp\HeadlessChrome140322671691390\GPUPersistentCache\DawnGraphiteCache\LM4HLUYPEPEQCVCS7WUD63O7S5RDUCDG", error: 0: There is not enough space on the disk. (0x70)
[14032:15264:0906/131219.299:ERROR:components\viz\host\persistent_cache_sandboxed_file_factory.cc:153] Failed to open persistent cache files in directory "C:\Users\NIHARI~1\AppData\Local\Temp\HeadlessChrome140322671691390\GPUPersistentCache\DawnGraphiteCache\LM4HLUYPEPEQCVCS7WUD63O7S5RDUCDG", error: 0: There is not enough space on the disk. (0x70)
[14032:15264:0906/131219.419:ERROR:components\viz\host\persistent_cache_sandboxed_file_factory.cc:153] Failed to open persistent cache files in directory "C:\Users\NIHARI~1\AppData\Local\Temp\HeadlessChrome140322671691390\GPUPersistentCache\DawnGraphiteCache\LM4HLUYPEPEQCVCS7WUD63O7S5RDUCDG", error: 0: There is not enough space on the disk. (0x70)
[14032:15264:0906/131219.530:ERROR:components\viz\host\persistent_cache_sandboxed_file_factory.cc:153] Failed to open persistent cache files in directory "C:\Users\NIHARI~1\AppData\Local\Temp\HeadlessChrome140322671691390\GPUPersistentCache\DawnGraphiteCache\LM4HLUYPEPEQCVCS7WUD63O7S5RDUCDG", error: 0: There is not enough space on the disk. (0x70)
[14032:25908:0906/131219.641:ERROR:components\viz\host\persistent_cache_sandboxed_file_factory.cc:153] Failed to open persistent cache files in directory "C:\Users\NIHARI~1\AppData\Local\Temp\HeadlessChrome140322671691390\GPUPersistentCache\DawnGraphiteCache\LM4HLUYPEPEQCVCS7WUD63O7S5RDUCDG", error: 0: There is not enough space on the disk. (0x70)
[14032:15264:0906/131219.746:ERROR:components\viz\host\persistent_cache_sandboxed_file_factory.cc:153] Failed to open persistent cache files in directory "C:\Users\NIHARI~1\AppData\Local\Temp\HeadlessChrome140322671691390\GPUPersistentCache\DawnGraphiteCache\LM4HLUYPEPEQCVCS7WUD63O7S5RDUCDG", error: 0: There is not enough space on the disk. (0x70)
[14032:15264:0906/131219.853:ERROR:components\viz\host\persistent_cache_sandboxed_file_factory.cc:153] Failed to open persistent cache files in directory "C:\Users\NIHARI~1\AppData\Local\Temp\HeadlessChrome140322671691390\GPUPersistentCache\DawnGraphiteCache\LM4HLUYPEPEQCVCS7WUD63O7S5RDUCDG", error: 0: There is not enough space on the disk. (0x70)
[14032:15264:0906/131219.968:ERROR:components\viz\host\persistent_cache_sandboxed_file_factory.cc:153] Failed to open persistent cache files in directory "C:\Users\NIHARI~1\AppData\Local\Temp\HeadlessChrome140322671691390\GPUPersistentCache\DawnGraphiteCache\LM4HLUYPEPEQCVCS7WUD63O7S5RDUCDG", error: 0: There is not enough space on the disk. (0x70)
[14032:15264:0906/131220.073:ERROR:components\viz\host\persistent_cache_sandboxed_file_factory.cc:153] Failed to open persistent cache files in directory "C:\Users\NIHARI~1\AppData\Local\Temp\HeadlessChrome140322671691390\GPUPersistentCache\DawnGraphiteCache\LM4HLUYPEPEQCVCS7WUD63O7S5RDUCDG", error: 0: There is not enough space on the disk. (0x70)
[14032:15264:0906/131220.186:ERROR:components\viz\host\persistent_cache_sandboxed_file_factory.cc:153] Failed to open persistent cache files in directory "C:\Users\NIHARI~1\AppData\Local\Temp\HeadlessChrome140322671691390\GPUPersistentCache\DawnGraphiteCache\LM4HLUYPEPEQCVCS7WUD63O7S5RDUCDG", error: 0: There is not enough space on the disk. (0x70)
[14032:25908:0906/131220.294:ERROR:components\viz\host\persistent_cache_sandboxed_file_factory.cc:153] Failed to open persistent cache files in directory "C:\Users\NIHARI~1\AppData\Local\Temp\HeadlessChrome140322671691390\GPUPersistentCache\DawnGraphiteCache\LM4HLUYPEPEQCVCS7WUD63O7S5RDUCDG", error: 0: There is not enough space on the disk. (0x70)
[14032:25908:0906/131220.396:ERROR:components\viz\host\persistent_cache_sandboxed_file_factory.cc:153] Failed to open persistent cache files in directory "C:\Users\NIHARI~1\AppData\Local\Temp\HeadlessChrome140322671691390\GPUPersistentCache\DawnGraphiteCache\LM4HLUYPEPEQCVCS7WUD63O7S5RDUCDG", error: 0: There is not enough space on the disk. (0x70)
[14032:15264:0906/131220.515:ERROR:components\viz\host\persistent_cache_sandboxed_file_factory.cc:153] Failed to open persistent cache files in directory "C:\Users\NIHARI~1\AppData\Local\Temp\HeadlessChrome140322671691390\GPUPersistentCache\DawnGraphiteCache\LM4HLUYPEPEQCVCS7WUD63O7S5RDUCDG", error: 0: There is not enough space on the disk. (0x70)
[14032:25908:0906/131220.629:ERROR:components\viz\host\persistent_cache_sandboxed_file_factory.cc:153] Failed to open persistent cache files in directory "C:\Users\NIHARI~1\AppData\Local\Temp\HeadlessChrome140322671691390\GPUPersistentCache\DawnGraphiteCache\LM4HLUYPEPEQCVCS7WUD63O7S5RDUCDG", error: 0: There is not enough space on the disk. (0x70)
[14032:15264:0906/131220.743:ERROR:components\viz\host\persistent_cache_sandboxed_file_factory.cc:153] Failed to open persistent cache files in directory "C:\Users\NIHARI~1\AppData\Local\Temp\HeadlessChrome140322671691390\GPUPersistentCache\DawnGraphiteCache\LM4HLUYPEPEQCVCS7WUD63O7S5RDUCDG", error: 0: There is not enough space on the disk. (0x70)
[14032:25908:0906/131220.848:ERROR:components\viz\host\persistent_cache_sandboxed_file_factory.cc:153] Failed to open persistent cache files in directory "C:\Users\NIHARI~1\AppData\Local\Temp\HeadlessChrome140322671691390\GPUPersistentCache\DawnGraphiteCache\LM4HLUYPEPEQCVCS7WUD63O7S5RDUCDG", error: 0: There is not enough space on the disk. (0x70)
[14032:15264:0906/131221.018:ERROR:components\viz\host\persistent_cache_sandboxed_file_factory.cc:153] Failed to open persistent cache files in directory "C:\Users\NIHARI~1\AppData\Local\Temp\HeadlessChrome140322671691390\GPUPersistentCache\DawnGraphiteCache\LM4HLUYPEPEQCVCS7WUD63O7S5RDUCDG", error: 0: There is not enough space on the disk. (0x70)
[14032:15264:0906/131221.133:ERROR:components\viz\host\persistent_cache_sandboxed_file_factory.cc:153] Failed to open persistent cache files in directory "C:\Users\NIHARI~1\AppData\Local\Temp\HeadlessChrome140322671691390\GPUPersistentCache\DawnGraphiteCache\LM4HLUYPEPEQCVCS7WUD63O7S5RDUCDG", error: 0: There is not enough space on the disk. (0x70)
[14032:15264:0906/131221.618:ERROR:chrome\browser\web_applications\web_app_icon_manager.cc:123] Could not create directory: C:\Users\NIHARI~1\AppData\Local\Temp\HeadlessChrome140322671691390\Default\Web Applications\Temp
2022422 bytes written to file E:\noir_scratch\mettali2.png
[14032:14812:0906/131221.623:ERROR:chrome\browser\web_applications\externally_managed_app_manager.cc:680] https://mail.google.com/mail/installwebapp?usp=chrome_default from install source 1 failed to install with reason 6
[14032:17864:0906/131221.687:ERROR:net\disk_cache\cache_util_win.cc:25] Unable to move the cache: The system cannot find the file specified. (0x2)
[14032:19448:0906/131221.687:ERROR:net\disk_cache\cache_util_win.cc:25] Unable to move the cache: The system cannot find the file specified. (0x2)
[14032:14812:0906/131221.687:ERROR:net\disk_cache\disk_cache.cc:290] Unable to create cache
[14032:14812:0906/131221.687:ERROR:gpu\ipc\host\gpu_disk_cache.cc:737] Gpu Cache Creation failed: -2
[14032:14812:0906/131221.687:ERROR:net\disk_cache\disk_cache.cc:290] Unable to create cache
[14032:14812:0906/131221.687:ERROR:gpu\ipc\host\gpu_disk_cache.cc:737] Gpu Cache Creation failed: -2
[14032:5440:0906/131221.687:ERROR:net\disk_cache\cache_util_win.cc:25] Unable to move the cache: The system cannot find the file specified. (0x2)
[14032:14812:0906/131221.687:ERROR:net\disk_cache\disk_cache.cc:290] Unable to create cache
[14032:14812:0906/131221.687:ERROR:gpu\ipc\host\gpu_disk_cache.cc:737] Gpu Cache Creation failed: -2
[14032:14812:0906/131221.694:ERROR:chrome\browser\web_applications\externally_managed_app_manager.cc:680] https://docs.google.com/document/installwebapp?usp=chrome_default from install source 1 failed to install with reason 21
